 KRNL32

 Timestamp is 4c00202b (Fri May 28 22:57:31 2010)

 Preferred load address is c0000000

 Start         Length     Name                   Class
 0001:00000000 00003442H .text                   CODE
 0002:00000000 000008f2H .rdata                  DATA
 0003:00000000 00000004H .CRT$XCA                DATA
 0003:00000004 00000004H .CRT$XCZ                DATA
 0003:00000008 0000016cH .data                   DATA
 0003:00000178 00000d58H .bss                    DATA
 0004:00000000 00000058H .rsrc$01                DATA
 0004:00000060 000003c0H .rsrc$02                DATA

  Address         Publics by Value              Rva+Base       Lib:Object

 0000:00000000       ___safe_se_handler_count   00000000     <absolute>
 0000:00000000       ___safe_se_handler_table   00000000     <absolute>
 0001:00000000       ?kernel_entry@@YAXPAUmultiboot_info@@@Z c0000400 f   entry.obj
 0001:00000040       ?init@@YAXPAUmultiboot_info@@@Z c0000440 f   main.obj
 0001:000001d0       ?sleep@@YAXH@Z             c00005d0 f   main.obj
 0001:00000200       ?get_cmd@@YAXPADH@Z        c0000600 f   main.obj
 0001:00000310       ?cmd_read@@YAXPAD@Z        c0000710 f   main.obj
 0001:00000490       ?run_cmd@@YA_NPAD@Z        c0000890 f   main.obj
 0001:00000640       ?kmain@@YAHPAUmultiboot_info@@@Z c0000a40 f   main.obj
 0001:00000740       ?scroll@@YAXXZ             c0000b40 f   DebugDisplay.obj
 0001:000007b0       ?DebugPutc@@YAXE@Z         c0000bb0 f   DebugDisplay.obj
 0001:00000860       ?DebugSetColor@@YAII@Z     c0000c60 f   DebugDisplay.obj
 0001:00000880       ?DebugGotoXY@@YAXII@Z      c0000c80 f   DebugDisplay.obj
 0001:000008b0       ?DebugGetXY@@YAXPAI0@Z     c0000cb0 f   DebugDisplay.obj
 0001:000008e0       ?DebugGetHorz@@YAHXZ       c0000ce0 f   DebugDisplay.obj
 0001:000008f0       ?DebugClrScr@@YAXE@Z       c0000cf0 f   DebugDisplay.obj
 0001:00000940       ?DebugPuts@@YAXPAD@Z       c0000d40 f   DebugDisplay.obj
 0001:00000a30       ?DebugPrintf@@YAHPBDZZ     c0000e30 f   DebugDisplay.obj
 0001:00000c90       ?divide_by_zero_fault@@YAXIIII@Z c0001090 f   exception.obj
 0001:00000cc0       ?single_step_trap@@YAXIII@Z c00010c0 f   exception.obj
 0001:00000ce0       ?nmi_trap@@YAXIII@Z        c00010e0 f   exception.obj
 0001:00000d00       ?breakpoint_trap@@YAXIII@Z c0001100 f   exception.obj
 0001:00000d20       ?overflow_trap@@YAXIII@Z   c0001120 f   exception.obj
 0001:00000d40       ?bounds_check_fault@@YAXIII@Z c0001140 f   exception.obj
 0001:00000d60       ?invalid_opcode_fault@@YAXIII@Z c0001160 f   exception.obj
 0001:00000d80       ?no_device_fault@@YAXIII@Z c0001180 f   exception.obj
 0001:00000da0       ?double_fault_abort@@YAXIIII@Z c00011a0 f   exception.obj
 0001:00000dc0       ?invalid_tss_fault@@YAXIIII@Z c00011c0 f   exception.obj
 0001:00000de0       ?no_segment_fault@@YAXIIII@Z c00011e0 f   exception.obj
 0001:00000e00       ?stack_fault@@YAXIIII@Z    c0001200 f   exception.obj
 0001:00000e20       ?general_protection_fault@@YAXIIII@Z c0001220 f   exception.obj
 0001:00000e40       ?page_fault@@YAXIIII@Z     c0001240 f   exception.obj
 0001:00000e60       ?fpu_fault@@YAXIII@Z       c0001260 f   exception.obj
 0001:00000e80       ?alignment_check_fault@@YAXIIII@Z c0001280 f   exception.obj
 0001:00000ea0       ?machine_check_abort@@YAXIII@Z c00012a0 f   exception.obj
 0001:00000ec0       ?simd_fpu_fault@@YAXIII@Z  c00012c0 f   exception.obj
 0001:00000ee0       ?volOpenFile@@YA?AU_FILE@@PBD@Z c00012e0 f   fsys.obj
 0001:00000f50       ?volReadFile@@YAXPAU_FILE@@PAEI@Z c0001350 f   fsys.obj
 0001:00000f70       ?volRegisterFileSystem@@YAXPAU_FILE_SYSTEM@@I@Z c0001370 f   fsys.obj
 0001:00000fa0       ?pmmngr_init_region@@YAXII@Z c00013a0 f   mmngr_phys.obj
 0001:00001010       ?pmmngr_deinit_region@@YAXII@Z c0001410 f   mmngr_phys.obj
 0001:00001070       ?pmmngr_paging_enable@@YAX_N@Z c0001470 f   mmngr_phys.obj
 0001:000010a0       ?pmmngr_load_PDBR@@YAXI@Z  c00014a0 f   mmngr_phys.obj
 0001:000010b0       ?mmap_first_free@@YAHXZ    c00014b0 f   mmngr_phys.obj
 0001:00001100       ?mmap_first_free_s@@YAHI@Z c0001500 f   mmngr_phys.obj
 0001:00001200       ?pmmngr_init@@YAXII@Z      c0001600 f   mmngr_phys.obj
 0001:00001240       ?pmmngr_alloc_block@@YAPAXXZ c0001640 f   mmngr_phys.obj
 0001:000012a0       ?pmmngr_alloc_blocks@@YAPAXI@Z c00016a0 f   mmngr_phys.obj
 0001:00001320       ?vmmngr_initialize@@YAXXZ  c0001720 f   mmngr_virtual.obj
 0001:000013f0       ?kernel_panic@@YAXPBDZZ    c00017f0 f   panic.obj
 0001:00001440       ?pd_entry_set_frame@@YAXPAII@Z c0001840 f i vmmngr_pde.obj
 0001:00001440       ?pt_entry_set_frame@@YAXPAII@Z c0001840 f i vmmngr_pte.obj
 0001:00001460       ?pt_entry_add_attrib@@YAXPAII@Z c0001860 f i vmmngr_pte.obj
 0001:00001460       ?pd_entry_add_attrib@@YAXPAII@Z c0001860 f i vmmngr_pde.obj
 0001:00001470       ?kkybrd_set_leds@@YAX_N00@Z c0001870 f   keyboard:kybrd.obj
 0001:000014d0       ?kkybrd_get_last_key@@YA?AW4KEYCODE@@XZ c00018d0 f   keyboard:kybrd.obj
 0001:000014f0       ?kkybrd_discard_last_key@@YAXXZ c00018f0 f   keyboard:kybrd.obj
 0001:00001500       ?kkybrd_key_to_ascii@@YADW4KEYCODE@@@Z c0001900 f   keyboard:kybrd.obj
 0001:00001640       ?i86_kybrd_irq@@YAXXZ      c0001a40 f   keyboard:kybrd.obj
 0001:00001830       ?kkybrd_install@@YAXH@Z    c0001c30 f   keyboard:kybrd.obj
 0001:000018b0       ?dma_initialize_floppy@@YA_NPAEI@Z c0001cb0 f   floppydisk:flpydsk.obj
 0001:00001940       ?flpydsk_read_status@@YAEXZ c0001d40 f   floppydisk:flpydsk.obj
 0001:00001950       ?flpydsk_write_dor@@YAXE@Z c0001d50 f   floppydisk:flpydsk.obj
 0001:00001970       ?flpydsk_send_command@@YAXE@Z c0001d70 f   floppydisk:flpydsk.obj
 0001:000019b0       ?flpydsk_read_data@@YAEXZ  c0001db0 f   floppydisk:flpydsk.obj
 0001:000019e0       ?flpydsk_write_ccr@@YAXE@Z c0001de0 f   floppydisk:flpydsk.obj
 0001:00001a00       ?i86_flpy_irq@@YAXXZ       c0001e00 f   floppydisk:flpydsk.obj
 0001:00001a20       ?flpydsk_check_int@@YAXPAI0@Z c0001e20 f   floppydisk:flpydsk.obj
 0001:00001ad0       ?flpydsk_control_motor@@YAX_N@Z c0001ed0 f   floppydisk:flpydsk.obj
 0001:00001b40       ?flpydsk_drive_data@@YAXEEE_N@Z c0001f40 f   floppydisk:flpydsk.obj
 0001:00001c00       ?flpydsk_calibrate@@YAHE@Z c0002000 f   floppydisk:flpydsk.obj
 0001:00001d60       ?flpydsk_disable_controller@@YAXXZ c0002160 f   floppydisk:flpydsk.obj
 0001:00001d70       ?flpydsk_enable_controller@@YAXXZ c0002170 f   floppydisk:flpydsk.obj
 0001:00001d80       ?flpydsk_reset@@YAXXZ      c0002180 f   floppydisk:flpydsk.obj
 0001:00001e00       ?flpydsk_read_sector_imp@@YAXEEE@Z c0002200 f   floppydisk:flpydsk.obj
 0001:00002090       ?flpydsk_seek@@YAHEE@Z     c0002490 f   floppydisk:flpydsk.obj
 0001:000021b0       ?flpydsk_lba_to_chs@@YAXHPAH00@Z c00025b0 f   floppydisk:flpydsk.obj
 0001:00002210       ?flpydsk_install@@YAXH@Z   c0002610 f   floppydisk:flpydsk.obj
 0001:00002240       ?flpydsk_set_working_drive@@YAXE@Z c0002640 f   floppydisk:flpydsk.obj
 0001:00002250       ?flpydsk_get_working_drive@@YAEXZ c0002650 f   floppydisk:flpydsk.obj
 0001:00002260       ?flpydsk_read_sector@@YAPAEH@Z c0002660 f   floppydisk:flpydsk.obj
 0001:00002360       ?ToDosFileName@@YAXPBDPADI@Z c0002760 f   fat12:fat12.obj
 0001:00002480       ?fsysFatDirectory@@YA?AU_FILE@@PBD@Z c0002880 f   fat12:fat12.obj
 0001:00002540       ?fsysFatRead@@YAXPAU_FILE@@PAEI@Z c0002940 f   fat12:fat12.obj
 0001:00002600       ?fsysFatClose@@YAXPAU_FILE@@@Z c0002a00 f   fat12:fat12.obj
 0001:00002620       ?fsysFatOpenSubDir@@YA?AU_FILE@@U1@PBD@Z c0002a20 f   fat12:fat12.obj
 0001:000026f0       ?fsysFatOpen@@YA?AU_FILE@@PBD@Z c0002af0 f   fat12:fat12.obj
 0001:00002890       ?fsysFatMount@@YAXXZ       c0002c90 f   fat12:fat12.obj
 0001:00002900       ?fsysFatInitialize@@YAXXZ  c0002d00 f   fat12:fat12.obj
 0001:00002960       ?hal_shutdown@@YAHXZ       c0002d60 f   Hal:Hal.obj
 0001:00002970       ?geninterrupt@@YAXH@Z      c0002d70 f   Hal:Hal.obj
 0001:00002990       ?inportb@@YAEG@Z           c0002d90 f   Hal:Hal.obj
 0001:000029a0       ?outportb@@YAXGE@Z         c0002da0 f   Hal:Hal.obj
 0001:000029b0       ?enable@@YAXXZ             c0002db0 f   Hal:Hal.obj
 0001:000029c0       ?disable@@YAXXZ            c0002dc0 f   Hal:Hal.obj
 0001:000029d0       ?setvect@@YAXHA6AXXZ@Z     c0002dd0 f   Hal:Hal.obj
 0001:000029f0       ?getvect@@YAP6AXXZH@Z      c0002df0 f   Hal:Hal.obj
 0001:00002a20       ?get_cpu_vender@@YAPBDXZ   c0002e20 f   Hal:Hal.obj
 0001:00002a30       ?get_tick_count@@YAHXZ     c0002e30 f   Hal:Hal.obj
 0001:00002a40       ?hal_initialize@@YAHXZ     c0002e40 f   Hal:Hal.obj
 0001:00002a70       ?sound@@YAXI@Z             c0002e70 f   Hal:Hal.obj
 0001:00002a90       ?interruptdone@@YAXI@Z     c0002e90 f i Hal:Hal.obj
 0001:00002ac0       ?dma_mask_channel@@YAXE@Z  c0002ec0 f   Hal:dma.obj
 0001:00002b00       ?dma_unmask_channel@@YAXE@Z c0002f00 f   Hal:dma.obj
 0001:00002b30       ?dma_unmask_all@@YAXH@Z    c0002f30 f   Hal:dma.obj
 0001:00002b50       ?dma_reset@@YAXH@Z         c0002f50 f   Hal:dma.obj
 0001:00002b60       ?dma_reset_flipflop@@YAXH@Z c0002f60 f   Hal:dma.obj
 0001:00002b90       ?dma_set_address@@YAXEEE@Z c0002f90 f   Hal:dma.obj
 0001:00002c20       ?dma_set_count@@YAXEEE@Z   c0003020 f   Hal:dma.obj
 0001:00002cb0       ?dma_set_mode@@YAXEE@Z     c00030b0 f   Hal:dma.obj
 0001:00002d30       ?dma_set_read@@YAXE@Z      c0003130 f   Hal:dma.obj
 0001:00002d40       ?dma_set_write@@YAXE@Z     c0003140 f   Hal:dma.obj
 0001:00002d50       ?dma_set_external_page_register@@YAXEE@Z c0003150 f   Hal:dma.obj
 0001:00002de0       ?i86_cpu_initialize@@YAHXZ c00031e0 f   Hal:cpu.obj
 0001:00002e00       ?i86_cpu_shutdown@@YAXXZ   c0003200 f   Hal:cpu.obj
 0001:00002e10       ?i86_cpu_get_vender@@YAPADXZ c0003210 f   Hal:cpu.obj
 0001:00002e40       ?i86_cpu_flush_caches@@YAXXZ c0003240 f   Hal:cpu.obj
 0001:00002e50       ?i86_cpu_flush_caches_write@@YAXXZ c0003250 f   Hal:cpu.obj
 0001:00002e60       ?i86_cpu_flush_tlb_entry@@YAXI@Z c0003260 f   Hal:cpu.obj
 0001:00002e70       ?i86_pic_send_command@@YAXEE@Z c0003270 f i Hal:pic.obj
 0001:00002ea0       ?i86_pic_initialize@@YAXEE@Z c00032a0 f   Hal:pic.obj
 0001:00002f30       ?i86_get_ir@@YAPAUidt_descriptor@@I@Z c0003330 f   Hal:idt.obj
 0001:00002f50       ?i86_install_ir@@YAHIGGP6AXXZ@Z c0003350 f   Hal:idt.obj
 0001:00002fa0       ?i86_idt_initialize@@YAHG@Z c00033a0 f   Hal:idt.obj
 0001:00003030       ?i86_pit_irq@@YAXXZ        c0003430 f   Hal:pit.obj
 0001:00003050       ?i86_pit_set_tick_count@@YAII@Z c0003450 f   Hal:pit.obj
 0001:00003060       ?i86_pit_get_tick_count@@YAIXZ c0003460 f   Hal:pit.obj
 0001:00003070       ?i86_pit_send_command@@YAXE@Z c0003470 f   Hal:pit.obj
 0001:00003080       ?i86_pit_send_data@@YAXGE@Z c0003480 f   Hal:pit.obj
 0001:000030c0       ?i86_pit_read_data@@YAEG@Z c00034c0 f   Hal:pit.obj
 0001:00003100       ?i86_pit_start_counter@@YAXIEE@Z c0003500 f   Hal:pit.obj
 0001:00003160       ?i86_pit_initialize@@YAXXZ c0003560 f   Hal:pit.obj
 0001:00003180       ?i86_pit_is_initialized@@YA_NXZ c0003580 f   Hal:pit.obj
 0001:000031a0       ?gdt_set_descriptor@@YAXI_K0EE@Z c00035a0 f   Hal:gdt.obj
 0001:00003230       ?i86_gdt_get_descriptor@@YAPAUgdt_descriptor@@H@Z c0003630 f   Hal:gdt.obj
 0001:00003250       ?i86_gdt_initialize@@YAHXZ c0003650 f   Hal:gdt.obj
 0001:000032e0       ?Exit@@YAXXZ               c00036e0 f   Lib:cstd.obj
 0001:00003320       ?InitializeConstructors@@YAXXZ c0003720 f   Lib:cstd.obj
 0001:00003360       ?strcmp@@YAHPBD0@Z         c0003760 f   Lib:string.obj
 0001:000033a0       ?strcpy@@YAPADPADPBD@Z     c00037a0 f   Lib:string.obj
 0001:000033c0       ?strlen@@YAIPBD@Z          c00037c0 f   Lib:string.obj
 0001:000033d0       ?memcpy@@YAPAXPAXPBXI@Z    c00037d0 f   Lib:string.obj
 0001:00003400       ?memset@@YAPAXPAXDI@Z      c0003800 f   Lib:string.obj
 0001:00003420       ?strchr@@YAPADPADH@Z       c0003820 f   Lib:string.obj
 0002:000008ec       ??_C@_05HOBJIFPH@FAT12?$AA@ c00042ec     fat12:fat12.obj
 0003:00000000       ?__xc_a@@3PAP6AXXZA        c0004400     Lib:cstd.obj
 0003:00000004       ?__xc_z@@3PAP6AXXZA        c0004404     Lib:cstd.obj
 0003:00000008       ?video_memory@@3PAGA       c0004408     DebugDisplay.obj
 0003:0000000c       ?bchars@@3PADA             c000440c     DebugDisplay.obj
 0003:00000170       __fltused                  c0004570     Lib:cstd.obj
 0003:00000178       ?kernelSize@@3IA           c0004578     main.obj
 0003:00000184       ?tbuf@@3PADA               c0004584     DebugDisplay.obj
 0003:000001a4       ?cursor_x@@3EA             c00045a4     DebugDisplay.obj
 0003:000001a5       ?cursor_y@@3EA             c00045a5     DebugDisplay.obj
 0003:000001a6       ?_color@@3EA               c00045a6     DebugDisplay.obj
 0003:000001a8       ?_FileSystems@@3PAPAU_FILE_SYSTEM@@A c00045a8     fsys.obj
 0003:00000224       ?_cur_directory@@3PAUpdirectory@@A c0004624     mmngr_virtual.obj
 0003:00000228       ?_cur_pdbr@@3IA            c0004628     mmngr_virtual.obj
 0003:00000240       ?_MountInfo@@3U_MOUNT_INFO@@A c0004640     fat12:fat12.obj
 0003:0000025c       ?_FSysFat@@3U_FILE_SYSTEM@@A c000465c     fat12:fat12.obj
 0003:00000278       ?FAT@@3PAEA                c0004678     fat12:fat12.obj

 entry point at        0000:00000000

 Static symbols

 0001:00002f10       ?idt_install@@YAXXZ        c0003310 f   Hal:idt.obj
 0001:00002f20       ?i86_default_handler@@YAXXZ c0003320 f   Hal:idt.obj
 0001:00003190       ?gdt_install@@YAXXZ        c0003590 f   Hal:gdt.obj
